// Jest Snapshot v1, https://goo.gl/fbAQLP

exports[`EditListingDescriptionForm matches snapshot 1`] = `
<form
  action="/"
  className="root"
  method="post"
  onSubmit={[Function]}
>
  <div
    className="alert secondary"
  >
    <div
      className="container"
    >
      <p>
        Don’t sweat it! You can just draft a version of your concept now and change it later. 
        <br />
        So let's get started and tell us about you and your artistic expertise.
      </p>
    </div>
    <span
      className="closebtn"
      onClick={[Function]}
    >
      ×
    </span>
  </div>
  <div>
    <h2>
      Info about you as a creative artist
    </h2>
    <div
      className="root description"
    >
      <label
        htmlFor="experience"
      >
        EditListingDescriptionForm.experience
      </label>
      <input
        className="input"
        id="experience"
        name="experience"
        onBlur={[Function]}
        onChange={[Function]}
        onFocus={[Function]}
        placeholder="EditListingDescriptionForm.experiencePlaceholder"
        type="number"
        value=""
      />
    </div>
    <div
      className="root description"
    >
      <label
        htmlFor="track"
      >
        EditListingDescriptionForm.track
      </label>
      <textarea
        className="input textarea"
        id="track"
        maxLength={5000}
        name="track"
        onBlur={[Function]}
        onChange={[Function]}
        onFocus={[Function]}
        placeholder="EditListingDescriptionForm.trackPlaceholder"
        rows={1}
        value=""
      />
    </div>
    <div
      className="root description"
    >
      <label
        htmlFor="url"
      >
        EditListingDescriptionForm.url
      </label>
      <input
        className="input"
        id="url"
        name="url"
        onBlur={[Function]}
        onChange={[Function]}
        onFocus={[Function]}
        placeholder="EditListingDescriptionForm.urlPlaceholder"
        type="text"
        value=""
      />
    </div>
  </div>
  <button
    className="root submitButton"
    disabled={true}
    type="submit"
  >
    Save description
  </button>
</form>
`;
