// Jest Snapshot v1, https://goo.gl/fbAQLP

exports[`SearchResultsPanel matches snapshot 1`] = `
<div
  className="root"
>
  <div
    className="viewSwitcher"
  >
    <button
      onClick={[Function]}
    >
      Card View
    </button>
    <button
      onClick={[Function]}
    >
      List View
    </button>
  </div>
  <div
    className="listingCards"
  />
</div>
`;
