// Jest Snapshot v1, https://goo.gl/fbAQLP

exports[`SectionHero matches snapshot 1`] = `
<div
  className="root"
>
  <div
    className="heroContent"
  >
    <h1
      className="heroMainTitle heroMainTitleFEDelay"
    >
      <span>
        SectionHero.title
      </span>
    </h1>
  </div>
</div>
`;
