// Jest Snapshot v1, https://goo.gl/fbAQLP

exports[`SectionHero matches snapshot 1`] = `
<div
  className="root"
>
  <div
    className="heroContent"
  >
    <div
      className=""
    >
      <div
        className="cta"
      >
        <a
          className="heroButton"
          data-tip={true}
          href="/s"
          onClick={[Function]}
          onMouseOver={[Function]}
          onTouchStart={[Function]}
          style={Object {}}
          title={null}
        >
          <span>
            SectionHero.browseButton
          </span>
        </a>
        <button
          className="root heroButton"
          disabled={false}
          onClick={[Function]}
        >
          <span>
            SectionHero.introductionVideo
          </span>
        </button>
        <a
          className="heroButton"
          data-tip={true}
          href="/signup"
          onClick={[Function]}
          onMouseOver={[Function]}
          onTouchStart={[Function]}
          style={Object {}}
          title={null}
        >
          <span>
            SectionHero.signUp
          </span>
        </a>
      </div>
    </div>
    <div
      className="someLinks"
    >
      <span>
        SectionHero.followUs
      </span>
      <a
        className="icon"
        href="https://www.instagram.com/skillpickr/"
        rel="noopener noreferrer"
        target="_blank"
        title="Footer.goToInstagram"
      >
        <span>
           Instagram 
        </span>
      </a>
      <span>
        SectionHero.or
      </span>
      <a
        className="icon"
        href="https://www.facebook.com/skillpickr/"
        rel="noopener noreferrer"
        target="_blank"
        title="Footer.goToFacebook"
      >
        <span>
           Facebook 
        </span>
      </a>
      <span>
        SectionHero.latestUpdate
      </span>
    </div>
  </div>
</div>
`;
